Archive member included because of file (symbol)

c:/program files (x86)/atmel/atmel toolchain/avr8 gcc/native/3.4.2.1002/avr8-gnu-toolchain/bin/../lib/gcc/avr/4.7.2/../../../../avr/lib/avr5\libm.a(addsf3.o)
                              GccApplication2.o (__subsf3)
c:/program files (x86)/atmel/atmel toolchain/avr8 gcc/native/3.4.2.1002/avr8-gnu-toolchain/bin/../lib/gcc/avr/4.7.2/../../../../avr/lib/avr5\libm.a(addsf3x.o)
                              c:/program files (x86)/atmel/atmel toolchain/avr8 gcc/native/3.4.2.1002/avr8-gnu-toolchain/bin/../lib/gcc/avr/4.7.2/../../../../avr/lib/avr5\libm.a(addsf3.o) (__addsf3x)
c:/program files (x86)/atmel/atmel toolchain/avr8 gcc/native/3.4.2.1002/avr8-gnu-toolchain/bin/../lib/gcc/avr/4.7.2/../../../../avr/lib/avr5\libm.a(atan2.o)
                              GccApplication2.o (atan2)
c:/program files (x86)/atmel/atmel toolchain/avr8 gcc/native/3.4.2.1002/avr8-gnu-toolchain/bin/../lib/gcc/avr/4.7.2/../../../../avr/lib/avr5\libm.a(atan.o)
                              c:/program files (x86)/atmel/atmel toolchain/avr8 gcc/native/3.4.2.1002/avr8-gnu-toolchain/bin/../lib/gcc/avr/4.7.2/../../../../avr/lib/avr5\libm.a(atan2.o) (atan)
c:/program files (x86)/atmel/atmel toolchain/avr8 gcc/native/3.4.2.1002/avr8-gnu-toolchain/bin/../lib/gcc/avr/4.7.2/../../../../avr/lib/avr5\libm.a(cmpsf2.o)
                              GccApplication2.o (__ltsf2)
c:/program files (x86)/atmel/atmel toolchain/avr8 gcc/native/3.4.2.1002/avr8-gnu-toolchain/bin/../lib/gcc/avr/4.7.2/../../../../avr/lib/avr5\libm.a(cos.o)
                              GccApplication2.o (cos)
c:/program files (x86)/atmel/atmel toolchain/avr8 gcc/native/3.4.2.1002/avr8-gnu-toolchain/bin/../lib/gcc/avr/4.7.2/../../../../avr/lib/avr5\libm.a(divsf3.o)
                              GccApplication2.o (__divsf3)
c:/program files (x86)/atmel/atmel toolchain/avr8 gcc/native/3.4.2.1002/avr8-gnu-toolchain/bin/../lib/gcc/avr/4.7.2/../../../../avr/lib/avr5\libm.a(divsf3x.o)
                              c:/program files (x86)/atmel/atmel toolchain/avr8 gcc/native/3.4.2.1002/avr8-gnu-toolchain/bin/../lib/gcc/avr/4.7.2/../../../../avr/lib/avr5\libm.a(divsf3.o) (__divsf3x)
c:/program files (x86)/atmel/atmel toolchain/avr8 gcc/native/3.4.2.1002/avr8-gnu-toolchain/bin/../lib/gcc/avr/4.7.2/../../../../avr/lib/avr5\libm.a(fixsfsi.o)
                              GccApplication2.o (__fixsfsi)
c:/program files (x86)/atmel/atmel toolchain/avr8 gcc/native/3.4.2.1002/avr8-gnu-toolchain/bin/../lib/gcc/avr/4.7.2/../../../../avr/lib/avr5\libm.a(fixunssfsi.o)
                              GccApplication2.o (__fixunssfsi)
c:/program files (x86)/atmel/atmel toolchain/avr8 gcc/native/3.4.2.1002/avr8-gnu-toolchain/bin/../lib/gcc/avr/4.7.2/../../../../avr/lib/avr5\libm.a(floatsisf.o)
                              GccApplication2.o (__floatunsisf)
c:/program files (x86)/atmel/atmel toolchain/avr8 gcc/native/3.4.2.1002/avr8-gnu-toolchain/bin/../lib/gcc/avr/4.7.2/../../../../avr/lib/avr5\libm.a(fp_cmp.o)
                              c:/program files (x86)/atmel/atmel toolchain/avr8 gcc/native/3.4.2.1002/avr8-gnu-toolchain/bin/../lib/gcc/avr/4.7.2/../../../../avr/lib/avr5\libm.a(cmpsf2.o) (__fp_cmp)
c:/program files (x86)/atmel/atmel toolchain/avr8 gcc/native/3.4.2.1002/avr8-gnu-toolchain/bin/../lib/gcc/avr/4.7.2/../../../../avr/lib/avr5\libm.a(fp_inf.o)
                              c:/program files (x86)/atmel/atmel toolchain/avr8 gcc/native/3.4.2.1002/avr8-gnu-toolchain/bin/../lib/gcc/avr/4.7.2/../../../../avr/lib/avr5\libm.a(addsf3x.o) (__fp_inf)
c:/program files (x86)/atmel/atmel toolchain/avr8 gcc/native/3.4.2.1002/avr8-gnu-toolchain/bin/../lib/gcc/avr/4.7.2/../../../../avr/lib/avr5\libm.a(fp_nan.o)
                              c:/program files (x86)/atmel/atmel toolchain/avr8 gcc/native/3.4.2.1002/avr8-gnu-toolchain/bin/../lib/gcc/avr/4.7.2/../../../../avr/lib/avr5\libm.a(addsf3x.o) (__fp_nan)
c:/program files (x86)/atmel/atmel toolchain/avr8 gcc/native/3.4.2.1002/avr8-gnu-toolchain/bin/../lib/gcc/avr/4.7.2/../../../../avr/lib/avr5\libm.a(fp_powser.o)
                              c:/program files (x86)/atmel/atmel toolchain/avr8 gcc/native/3.4.2.1002/avr8-gnu-toolchain/bin/../lib/gcc/avr/4.7.2/../../../../avr/lib/avr5\libm.a(atan.o) (__fp_powser)
c:/program files (x86)/atmel/atmel toolchain/avr8 gcc/native/3.4.2.1002/avr8-gnu-toolchain/bin/../lib/gcc/avr/4.7.2/../../../../avr/lib/avr5\libm.a(fp_pscA.o)
                              c:/program files (x86)/atmel/atmel toolchain/avr8 gcc/native/3.4.2.1002/avr8-gnu-toolchain/bin/../lib/gcc/avr/4.7.2/../../../../avr/lib/avr5\libm.a(addsf3x.o) (__fp_pscA)
c:/program files (x86)/atmel/atmel toolchain/avr8 gcc/native/3.4.2.1002/avr8-gnu-toolchain/bin/../lib/gcc/avr/4.7.2/../../../../avr/lib/avr5\libm.a(fp_pscB.o)
[...]
Memory Configuration

Name             Origin             Length             Attributes
text             0x00000000         0x00020000         xr
data             0x00800060         0x0000ffa0         rw !x
eeprom           0x00810000         0x00010000         rw !x
fuse             0x00820000         0x00000400         rw !x
lock             0x00830000         0x00000400         rw !x
signature        0x00840000         0x00000400         rw !x
user_signatures  0x00850000         0x00000400         rw !x
*default*        0x00000000         0xffffffff

Linker script and memory map

LOAD c:/program files (x86)/atmel/atmel toolchain/avr8 gcc/native/3.4.2.1002/avr8-gnu-toolchain/bin/../lib/gcc/avr/4.7.2/../../../../avr/lib/avr5/crtm32.o
LOAD GccApplication2.o
LOAD TWI.o
START GROUP
LOAD c:/program files (x86)/atmel/atmel toolchain/avr8 gcc/native/3.4.2.1002/avr8-gnu-toolchain/bin/../lib/gcc/avr/4.7.2/../../../../avr/lib/avr5\libm.a
END GROUP
LOAD c:/program files (x86)/atmel/atmel toolchain/avr8 gcc/native/3.4.2.1002/avr8-gnu-toolchain/bin/../lib/gcc/avr/4.7.2/avr5\libgcc.a
LOAD c:/program files (x86)/atmel/atmel toolchain/avr8 gcc/native/3.4.2.1002/avr8-gnu-toolchain/bin/../lib/gcc/avr/4.7.2/../../../../avr/lib/avr5\libm.a
LOAD c:/program files (x86)/atmel/atmel toolchain/avr8 gcc/native/3.4.2.1002/avr8-gnu-toolchain/bin/../lib/gcc/avr/4.7.2/avr5\libgcc.a
LOAD c:/program files (x86)/atmel/atmel toolchain/avr8 gcc/native/3.4.2.1002/avr8-gnu-toolchain/bin/../lib/gcc/avr/4.7.2/../../../../avr/lib/avr5\libc.a
LOAD c:/program files (x86)/atmel/atmel toolchain/avr8 gcc/native/3.4.2.1002/avr8-gnu-toolchain/bin/../lib/gcc/avr/4.7.2/avr5\libgcc.a

.hash
 *(.hash)

.dynsym
 *(.dynsym)

.dynstr
 *(.dynstr)

.gnu.version
 *(.gnu.version)

.gnu.version_d
 *(.gnu.version_d)

.gnu.version_r
 *(.gnu.version_r)

.rel.init
 *(.rel.init)

.rela.init
 *(.rela.init)

.rel.text
 *(.rel.text)
 *(.rel.text.*)
 *(.rel.gnu.linkonce.t*)

.rela.text
 *(.rela.text)
 *(.rela.text.*)
 *(.rela.gnu.linkonce.t*)

.rel.fini
 *(.rel.fini)

.rela.fini
 *(.rela.fini)

.rel.rodata
 *(.rel.rodata)
 *(.rel.rodata.*)
 *(.rel.gnu.linkonce.r*)

.rela.rodata
 *(.rela.rodata)
 *(.rela.rodata.*)
 *(.rela.gnu.linkonce.r*)

.rel.data
 *(.rel.data)
 *(.rel.data.*)
 *(.rel.gnu.linkonce.d*)

.rela.data
 *(.rela.data)
 *(.rela.data.*)
 *(.rela.gnu.linkonce.d*)

.rel.ctors
 *(.rel.ctors)

.rela.ctors
 *(.rela.ctors)

.rel.dtors
 *(.rel.dtors)

.rela.dtors
 *(.rela.dtors)

.rel.got
 *(.rel.got)

.rela.got
 *(.rela.got)

.rel.bss
 *(.rel.bss)

.rela.bss
 *(.rela.bss)

.rel.plt
 *(.rel.plt)

.rela.plt
 *(.rela.plt)

.text           0x00000000     0x4192
 *(.vectors)
 .vectors       0x00000000       0x54 c:/program files (x86)/atmel/atmel toolchain/avr8 gcc/native/3.4.2.1002/avr8-gnu-toolchain/bin/../lib/gcc/avr/4.7.2/../../../../avr/lib/avr5/crtm32.o
                0x00000000                __vector_default
                0x00000000                __vectors
 *(.vectors)
 *(.progmem.gcc*)
 .progmem.gcc_fplib
                0x00000054       0x2d c:/program files (x86)/atmel/atmel toolchain/avr8 gcc/native/3.4.2.1002/avr8-gnu-toolchain/bin/../lib/gcc/avr/4.7.2/../../../../avr/lib/avr5\libm.a(atan.o)
 .progmem.gcc_fplib
                0x00000081       0x1e c:/program files (x86)/atmel/atmel toolchain/avr8 gcc/native/3.4.2.1002/avr8-gnu-toolchain/bin/../lib/gcc/avr/4.7.2/../../../../avr/lib/avr5\libm.a(fp_sinus.o)
 .progmem.gcc_fplib
                0x0000009f       0x28 c:/program files (x86)/atmel/atmel toolchain/avr8 gcc/native/3.4.2.1002/avr8-gnu-toolchain/bin/../lib/gcc/avr/4.7.2/../../../../avr/lib/avr5\libm.a(exp.o)
 .progmem.gcc_fplib
                0x000000c7       0x5a c:/program files (x86)/atmel/atmel toolchain/avr8 gcc/native/3.4.2.1002/avr8-gnu-toolchain/bin/../lib/gcc/avr/4.7.2/../../../../avr/lib/avr5\libm.a(log.o)
 *(.progmem*)
                0x00000122                . = ALIGN (0x2)
 *fill*         0x00000121        0x1 
                0x00000122                __trampolines_start = .
 *(.trampolines)
 .trampolines   0x00000122        0x0 linker stubs
 *(.trampolines*)
                0x00000122                __trampolines_end = .
 *(.jumptables)
 *(.jumptables*)
 *(.lowtext)
 *(.lowtext*)
                0x00000122                __ctors_start = .
 *(.ctors)
 .ctors         0x00000122        0x2 GccApplication2.o
                0x00000124                __ctors_end = .
                0x00000124                __dtors_start = .
 *(.dtors)
                0x00000124                __dtors_end = .
 SORT(*)(.ctors)
 SORT(*)(.dtors)
 *(.init0)
 .init0         0x00000124        0x0 c:/program files (x86)/atmel/atmel toolchain/avr8 gcc/native/3.4.2.1002/avr8-gnu-toolchain/bin/../lib/gcc/avr/4.7.2/../../../../avr/lib/avr5/crtm32.o
                0x00000124                __init
 *(.init0)
 *(.init1)
 *(.init1)
 *(.init2)
 .init2         0x00000124        0xc c:/program files (x86)/atmel/atmel toolchain/avr8 gcc/native/3.4.2.1002/avr8-gnu-toolchain/bin/../lib/gcc/avr/4.7.2/../../../../avr/lib/avr5/crtm32.o
 *(.init2)
 *(.init3)
 *(.init3)
 *(.init4)
 .init4         0x00000130       0x16 c:/program files (x86)/atmel/atmel toolchain/avr8 gcc/native/3.4.2.1002/avr8-gnu-toolchain/bin/../lib/gcc/avr/4.7.2/avr5\libgcc.a(_copy_data.o)
                0x00000130                __do_copy_data
 .init4         0x00000146       0x10 c:/program files (x86)/atmel/atmel toolchain/avr8 gcc/native/3.4.2.1002/avr8-gnu-toolchain/bin/../lib/gcc/avr/4.7.2/avr5\libgcc.a(_clear_bss.o)
                0x00000146                __do_clear_bss
 *(.init4)
 *(.init5)
 *(.init5)
 *(.init6)
 .init6         0x00000156       0x16 c:/program files (x86)/atmel/atmel toolchain/avr8 gcc/native/3.4.2.1002/avr8-gnu-toolchain/bin/../lib/gcc/avr/4.7.2/avr5\libgcc.a(_ctors.o)
                0x00000156                __do_global_ctors
 *(.init6)
 *(.init7)
 *(.init7)
 *(.init8)
 *(.init8)
 *(.init9)
 .init9         0x0000016c        0x8 c:/program files (x86)/atmel/atmel toolchain/avr8 gcc/native/3.4.2.1002/avr8-gnu-toolchain/bin/../lib/gcc/avr/4.7.2/../../../../avr/lib/avr5/crtm32.o
 *(.init9)
 *(.text)
 .text          0x00000174        0x4 c:/program files (x86)/atmel/atmel toolchain/avr8 gcc/native/3.4.2.1002/avr8-gnu-toolchain/bin/../lib/gcc/avr/4.7.2/../../../../avr/lib/avr5/crtm32.o
                0x00000174                __vector_12
                0x00000174                __bad_interrupt
                0x00000174                __vector_6
                0x00000174                __vector_3
                0x00000174                __vector_13
                0x00000174                __vector_17
                0x00000174                __vector_19
                0x00000174                __vector_7
                0x00000174                __vector_5
                0x00000174                __vector_9
                0x00000174                __vector_15
                0x00000174                __vector_8
                0x00000174                __vector_14
                0x00000174                __vector_10
                0x00000174                __vector_16
                0x00000174                __vector_18
                0x00000174                __vector_20
                0x00000178                . = ALIGN (0x2)
 *(.text.*)
 .text._ZL9lcd_writeh
                0x00000178       0x62 GccApplication2.o
 .text._Z9uart_initv
                0x000001da        0xe GccApplication2.o
                0x000001da                _Z9uart_initv
 .text._Z10uart_writeh
                0x000001e8        0x8 GccApplication2.o
                0x000001e8                _Z10uart_writeh
 .text._Z9uart_readv
                0x000001f0        0x8 GccApplication2.o
                0x000001f0                _Z9uart_readv
 .text._Z8transmithhh
                0x000001f8       0x86 GccApplication2.o
                0x000001f8                _Z8transmithhh
 .text._Z9transmit1hhh
                0x0000027e       0x82 GccApplication2.o
                0x0000027e                _Z9transmit1hhh
 .text._Z6set_Idv
                0x00000300       0x18 GccApplication2.o
                0x00000300                _Z6set_Idv
 .text._Z13enable_torquev
                0x00000318       0x16 GccApplication2.o
                0x00000318                _Z13enable_torquev
 .text._Z13goal_positionj
                0x0000032e       0x36 GccApplication2.o
                0x0000032e                _Z13goal_positionj
 .text._Z12speed_movingj
                0x00000364       0x1c GccApplication2.o
                0x00000364                _Z12speed_movingj
 .text._Z9maxtorquev
                0x00000380       0x1e GccApplication2.o
                0x00000380                _Z9maxtorquev
 .text._Z14dynamixel_initv
                0x0000039e       0x1a GccApplication2.o
                0x0000039e                _Z14dynamixel_initv
 .text._Z18dynamixel_positionv
                0x000003b8       0x18 GccApplication2.o
                0x000003b8                _Z18dynamixel_positionv
 .text._Z9lcd_clearv
                0x000003d0       0x16 GccApplication2.o
                0x000003d0                _Z9lcd_clearv
 .text._Z8lcd_putsPKc
                0x000003e6       0x20 GccApplication2.o
                0x000003e6                _Z8lcd_putsPKc
 .text._Z9lcd_putchc
                0x00000406        0x8 GccApplication2.o
                0x00000406                _Z9lcd_putchc
 .text._Z8lcd_gotoh
                0x0000040e        0xa GccApplication2.o
                0x0000040e                _Z8lcd_gotoh
 .text._Z8lcd_initv
                0x00000418       0x78 GccApplication2.o
                0x00000418                _Z8lcd_initv
 .text._Z7lcd_numi
                0x00000490       0x36 GccApplication2.o
                0x00000490                _Z7lcd_numi
 .text._Z10lcd_gotoxyhh
                0x000004c6        0xe GccApplication2.o
                0x000004c6                _Z10lcd_gotoxyhh
 .text._Z6PrintfPcz
                0x000004d4       0xaa GccApplication2.o
                0x000004d4                _Z6PrintfPcz
 .text._Z17init_extinterruptv
                0x0000057e       0x14 GccApplication2.o
                0x0000057e                _Z17init_extinterruptv
 .text.__vector_2
                0x00000592       0x2e GccApplication2.o
                0x00000592                __vector_2
 .text._Z17init_color_sensorv
                0x000005c0        0xc GccApplication2.o
                0x000005c0                _Z17init_color_sensorv
 .text._Z10calc_colorv
                0x000005cc       0x7e GccApplication2.o
                0x000005cc                _Z10calc_colorv
 .text._Z11check_colorv
                0x0000064a      0x3ac GccApplication2.o
                0x0000064a                _Z11check_colorv
 .text.__vector_1
                0x000009f6       0x8a GccApplication2.o
                0x000009f6                __vector_1
 .text._Z12init_encoderv
                0x00000a80       0x1a GccApplication2.o
                0x00000a80                _Z12init_encoderv
 .text._Z10init_timerv
                0x00000a9a       0x14 GccApplication2.o
                0x00000a9a                _Z10init_timerv
 .text.__vector_11
                0x00000aae       0x82 GccApplication2.o
                0x00000aae                __vector_11
 .text._Z11init_timer2v
                0x00000b30       0x12 GccApplication2.o
                0x00000b30                _Z11init_timer2v
 .text.__vector_4
                0x00000b42       0x2e GccApplication2.o
                0x00000b42                __vector_4
 .text._Z13init_HMC5883Lv
                0x00000b70       0x48 GccApplication2.o
                0x00000b70                _Z13init_HMC5883Lv
 .text._Z12read_Compassv
                0x00000bb8       0x82 GccApplication2.o
                0x00000bb8                _Z12read_Compassv
 .text._Z17calibrate_compassv
                0x00000c3a      0x138 GccApplication2.o
                0x00000c3a                _Z17calibrate_compassv
 .text._Z10getHeadingv
                0x00000d72      0x1ac GccApplication2.o
                0x00000d72                _Z10getHeadingv
 .text._Z24calculate_compass_offsetv
                0x00000f1e       0x20 GccApplication2.o
                0x00000f1e                _Z24calculate_compass_offsetv
 .text._Z8init_allv
                0x00000f3e       0x28 GccApplication2.o
                0x00000f3e                _Z8init_allv
 .text._Z31check_for_field_and_check_pointv
                0x00000f66      0x36a GccApplication2.o
                0x00000f66                _Z31check_for_field_and_check_pointv
 .text._Z19receive_servo_anglev
                0x000012d0       0x60 GccApplication2.o
                0x000012d0                _Z19receive_servo_anglev
 .text._Z26check_for_color_conditionsv
                0x00001330      0x11a GccApplication2.o
                0x00001330                _Z26check_for_color_conditionsv
 .text._Z29check_for_downhill_conditionsv
                0x0000144a      0x414 GccApplication2.o
                0x0000144a                _Z29check_for_downhill_conditionsv
 .text._Z22ninety_turn_navigationv
                0x0000185e      0x9ca GccApplication2.o
                0x0000185e                _Z22ninety_turn_navigationv
 .text._Z24calculate_river_distancev
                0x00002228      0x21c GccApplication2.o
                0x00002228                _Z24calculate_river_distancev
 .text._Z17ninety_optional_1v
                0x00002444      0x19e GccApplication2.o
                0x00002444                _Z17ninety_optional_1v
 .text._Z8calc_PIDv
                0x000025e2      0x240 GccApplication2.o
                0x000025e2                _Z8calc_PIDv
 .text._Z23check_and_calculate_pidv
                0x00002822      0x584 GccApplication2.o
                0x00002822                _Z23check_and_calculate_pidv
 .text._Z25river_navigation_optionalv
                0x00002da6      0x48a GccApplication2.o
                0x00002da6                _Z25river_navigation_optionalv
 .text.main     0x00003230      0x4a0 GccApplication2.o
                0x00003230                main
 .text._GLOBAL__sub_I_rei
                0x000036d0       0x72 GccApplication2.o
 .text._Z8i2c_initv
                0x00003742        0x8 TWI.o
                0x00003742                _Z8i2c_initv
 .text._Z9i2c_starth
                0x0000374a       0x3c TWI.o
                0x0000374a                _Z9i2c_starth
 .text._Z13i2c_rep_starth
                0x00003786        0x6 TWI.o
                0x00003786                _Z13i2c_rep_starth
 .text._Z8i2c_stopv
                0x0000378c        0xc TWI.o
                0x0000378c                _Z8i2c_stopv
 .text._Z9i2c_writeh
                0x00003798       0x1a TWI.o
                0x00003798                _Z9i2c_writeh
 .text._Z11i2c_readAckv
                0x000037b2        0xe TWI.o
                0x000037b2                _Z11i2c_readAckv
 .text._Z11i2c_readNakv
                0x000037c0        0xe TWI.o
                0x000037c0                _Z11i2c_readNakv
 .text.avr-libc.fplib
                0x000037ce        0xa c:/program files (x86)/atmel/atmel toolchain/avr8 gcc/native/3.4.2.1002/avr8-gnu-toolchain/bin/../lib/gcc/avr/4.7.2/../../../../avr/lib/avr5\libm.a(addsf3.o)
                0x000037ce                __subsf3
                0x000037d0                __addsf3
 .text.avr-libc.fplib
                0x000037d8       0xc0 c:/program files (x86)/atmel/atmel toolchain/avr8 gcc/native/3.4.2.1002/avr8-gnu-toolchain/bin/../lib/gcc/avr/4.7.2/../../../../avr/lib/avr5\libm.a(addsf3x.o)
                0x000037f2                __addsf3x
 .text.avr-libc.fplib
                0x00003898       0x74 c:/program files (x86)/atmel/atmel toolchain/avr8 gcc/native/3.4.2.1002/avr8-gnu-toolchain/bin/../lib/gcc/avr/4.7.2/../../../../avr/lib/avr5\libm.a(atan2.o)
                0x000038b6                atan2
 .text.avr-libc.fplib
                0x0000390c       0x50 c:/program files (x86)/atmel/atmel toolchain/avr8 gcc/native/3.4.2.1002/avr8-gnu-toolchain/bin/../lib/gcc/avr/4.7.2/../../../../avr/lib/avr5\libm.a(atan.o)
                0x0000390c                atan
 .text.avr-libc.fplib
                0x0000395c        0x8 c:/program files (x86)/atmel/atmel toolchain/avr8 gcc/native/3.4.2.1002/avr8-gnu-toolchain/bin/../lib/gcc/avr/4.7.2/../../../../avr/lib/avr5\libm.a(cmpsf2.o)
                0x0000395c                __nesf2
                0x0000395c                __eqsf2
                0x0000395c                __cmpsf2
                0x0000395c                __ltsf2
                0x0000395c                __lesf2
 .text.avr-libc.fplib
                0x00003964        0x6 c:/program files (x86)/atmel/atmel toolchain/avr8 gcc/native/3.4.2.1002/avr8-gnu-toolchain/bin/../lib/gcc/avr/4.7.2/../../../../avr/lib/avr5\libm.a(cos.o)
                0x00003964                cos
 .text.avr-libc.fplib
                0x0000396a        0x4 c:/program files (x86)/atmel/atmel toolchain/avr8 gcc/native/3.4.2.1002/avr8-gnu-toolchain/bin/../lib/gcc/avr/4.7.2/../../../../avr/lib/avr5\libm.a(divsf3.o)
                0x0000396a                __divsf3
 .text.avr-libc.fplib
                0x0000396e       0xcc c:/program files (x86)/atmel/atmel toolchain/avr8 gcc/native/3.4.2.1002/avr8-gnu-toolchain/bin/../lib/gcc/avr/4.7.2/../../../../avr/lib/avr5\libm.a(divsf3x.o)
                0x00003984                __divsf3x
                0x00003988                __divsf3_pse
 .text.avr-libc.fplib
                0x00003a3a        0xa c:/program files (x86)/atmel/atmel toolchain/avr8 gcc/native/3.4.2.1002/avr8-gnu-toolchain/bin/../lib/gcc/avr/4.7.2/../../../../avr/lib/avr5\libm.a(fixsfsi.o)
                0x00003a3a                __fixsfsi
 .text.avr-libc.fplib
                0x00003a44       0x58 c:/program files (x86)/atmel/atmel toolchain/avr8 gcc/native/3.4.2.1002/avr8-gnu-toolchain/bin/../lib/gcc/avr/4.7.2/../../../../avr/lib/avr5\libm.a(fixunssfsi.o)
                0x00003a44                __fixunssfsi
 .text.avr-libc.fplib
                0x00003a9c       0x7a c:/program files (x86)/atmel/atmel toolchain/avr8 gcc/native/3.4.2.1002/avr8-gnu-toolchain/bin/../lib/gcc/avr/4.7.2/../../../../avr/lib/avr5\libm.a(floatsisf.o)
                0x00003a9c                __floatunsisf
                0x00003aa0                __floatsisf
 .text.avr-libc.fplib
                0x00003b16       0x48 c:/program files (x86)/atmel/atmel toolchain/avr8 gcc/native/3.4.2.1002/avr8-gnu-toolchain/bin/../lib/gcc/avr/4.7.2/../../../../avr/lib/avr5\libm.a(fp_cmp.o)
                0x00003b16                __fp_cmp
 .text.avr-libc.fplib
                0x00003b5e        0xc c:/program files (x86)/atmel/atmel toolchain/avr8 gcc/native/3.4.2.1002/avr8-gnu-toolchain/bin/../lib/gcc/avr/4.7.2/../../../../avr/lib/avr5\libm.a(fp_inf.o)
                0x00003b5e                __fp_inf
 .text.avr-libc.fplib
                0x00003b6a        0x6 c:/program files (x86)/atmel/atmel toolchain/avr8 gcc/native/3.4.2.1002/avr8-gnu-toolchain/bin/../lib/gcc/avr/4.7.2/../../../../avr/lib/avr5\libm.a(fp_nan.o)
                0x00003b6a                __fp_nan
 .text.avr-libc.fplib
                0x00003b70       0x4a c:/program files (x86)/atmel/atmel toolchain/avr8 gcc/native/3.4.2.1002/avr8-gnu-toolchain/bin/../lib/gcc/avr/4.7.2/../../../../avr/lib/avr5\libm.a(fp_powser.o)
                0x00003b70                __fp_powser
 .text.avr-libc.fplib
                0x00003bba        0xe c:/program files (x86)/atmel/atmel toolchain/avr8 gcc/native/3.4.2.1002/avr8-gnu-toolchain/bin/../lib/gcc/avr/4.7.2/../../../../avr/lib/avr5\libm.a(fp_pscA.o)
                0x00003bba                __fp_pscA
 .text.avr-libc.fplib
                0x00003bc8        0xe c:/program files (x86)/atmel/atmel toolchain/avr8 gcc/native/3.4.2.1002/avr8-gnu-toolchain/bin/../lib/gcc/avr/4.7.2/../../../../avr/lib/avr5\libm.a(fp_pscB.o)
                0x00003bc8                __fp_pscB
 .text.avr-libc.fplib
                0x00003bd6       0x50 c:/program files (x86)/atmel/atmel toolchain/avr8 gcc/native/3.4.2.1002/avr8-gnu-toolchain/bin/../lib/gcc/avr/4.7.2/../../../../avr/lib/avr5\libm.a(fp_rempio2.o)
                0x00003bd8                __fp_rempio2
 .text.avr-libc.fplib
                0x00003c26       0x22 c:/program files (x86)/atmel/atmel toolchain/avr8 gcc/native/3.4.2.1002/avr8-gnu-toolchain/bin/../lib/gcc/avr/4.7.2/../../../../avr/lib/avr5\libm.a(fp_round.o)
                0x00003c26                __fp_round
 .text.avr-libc.fplib
                0x00003c48       0x22 c:/program files (x86)/atmel/atmel toolchain/avr8 gcc/native/3.4.2.1002/avr8-gnu-toolchain/bin/../lib/gcc/avr/4.7.2/../../../../avr/lib/avr5\libm.a(fp_sinus.o)
                0x00003c48                __fp_sinus
 .text.avr-libc.fplib
                0x00003c6a       0x44 c:/program files (x86)/atmel/atmel toolchain/avr8 gcc/native/3.4.2.1002/avr8-gnu-toolchain/bin/../lib/gcc/avr/4.7.2/../../../../avr/lib/avr5\libm.a(fp_split3.o)
                0x00003c6a                __fp_split3
                0x00003c7a                __fp_splitA
 .text.avr-libc.fplib
                0x00003cae        0xe c:/program files (x86)/atmel/atmel toolchain/avr8 gcc/native/3.4.2.1002/avr8-gnu-toolchain/bin/../lib/gcc/avr/4.7.2/../../../../avr/lib/avr5\libm.a(fp_zero.o)
                0x00003cae                __fp_zero
                0x00003cb0                __fp_szero
 .text.avr-libc.fplib
                0x00003cbc        0x8 c:/program files (x86)/atmel/atmel toolchain/avr8 gcc/native/3.4.2.1002/avr8-gnu-toolchain/bin/../lib/gcc/avr/4.7.2/../../../../avr/lib/avr5\libm.a(gesf2.o)
                0x00003cbc                __gesf2
                0x00003cbc                __gtsf2
 .text.avr-libc.fplib
                0x00003cc4        0xe c:/program files (x86)/atmel/atmel toolchain/avr8 gcc/native/3.4.2.1002/avr8-gnu-toolchain/bin/../lib/gcc/avr/4.7.2/../../../../avr/lib/avr5\libm.a(inverse.o)
                0x00003cc4                inverse
 .text.avr-libc.fplib
                0x00003cd2        0x4 c:/program files (x86)/atmel/atmel toolchain/avr8 gcc/native/3.4.2.1002/avr8-gnu-toolchain/bin/../lib/gcc/avr/4.7.2/../../../../avr/lib/avr5\libm.a(mulsf3.o)
                0x00003cd2                __mulsf3
 .text.avr-libc.fplib
                0x00003cd6       0xc2 c:/program files (x86)/atmel/atmel toolchain/avr8 gcc/native/3.4.2.1002/avr8-gnu-toolchain/bin/../lib/gcc/avr/4.7.2/../../../../avr/lib/avr5\libm.a(mulsf3x.o)
                0x00003cea                __mulsf3x
                0x00003cee                __mulsf3_pse
 .text.avr-libc.fplib
                0x00003d98       0x98 c:/program files (x86)/atmel/atmel toolchain/avr8 gcc/native/3.4.2.1002/avr8-gnu-toolchain/bin/../lib/gcc/avr/4.7.2/../../../../avr/lib/avr5\libm.a(pow.o)
                0x00003d98                pow
 .text.avr-libc.fplib
                0x00003e30        0xc c:/program files (x86)/atmel/atmel toolchain/avr8 gcc/native/3.4.2.1002/avr8-gnu-toolchain/bin/../lib/gcc/avr/4.7.2/../../../../avr/lib/avr5\libm.a(sin.o)
                0x00003e30                sin
 .text.avr-libc.fplib
                0x00003e3c       0x84 c:/program files (x86)/atmel/atmel toolchain/avr8 gcc/native/3.4.2.1002/avr8-gnu-toolchain/bin/../lib/gcc/avr/4.7.2/../../../../avr/lib/avr5\libm.a(sqrt.o)
                0x00003e44                sqrt
 .text.avr-libc.fplib
                0x00003ec0        0x6 c:/program files (x86)/atmel/atmel toolchain/avr8 gcc/native/3.4.2.1002/avr8-gnu-toolchain/bin/../lib/gcc/avr/4.7.2/../../../../avr/lib/avr5\libm.a(square.o)
                0x00003ec0                square
 .text.avr-libc.fplib
                0x00003ec6       0x62 c:/program files (x86)/atmel/atmel toolchain/avr8 gcc/native/3.4.2.1002/avr8-gnu-toolchain/bin/../lib/gcc/avr/4.7.2/../../../../avr/lib/avr5\libm.a(exp.o)
                0x00003ed0                exp
 .text.avr-libc.fplib
                0x00003f28       0x1c c:/program files (x86)/atmel/atmel toolchain/avr8 gcc/native/3.4.2.1002/avr8-gnu-toolchain/bin/../lib/gcc/avr/4.7.2/../../../../avr/lib/avr5\libm.a(fp_mpack.o)
                0x00003f28                __fp_mpack
                0x00003f2c                __fp_mpack_finite
 .text.avr-libc.fplib
                0x00003f44        0xe c:/program files (x86)/atmel/atmel toolchain/avr8 gcc/native/3.4.2.1002/avr8-gnu-toolchain/bin/../lib/gcc/avr/4.7.2/../../../../avr/lib/avr5\libm.a(fp_norm2.o)
                0x00003f44                __fp_norm2
 .text.avr-libc.fplib
                0x00003f52       0x22 c:/program files (x86)/atmel/atmel toolchain/avr8 gcc/native/3.4.2.1002/avr8-gnu-toolchain/bin/../lib/gcc/avr/4.7.2/../../../../avr/lib/avr5\libm.a(fp_powsodd.o)
                0x00003f52                __fp_powsodd
 .text.avr-libc.fplib
                0x00003f74       0x6c c:/program files (x86)/atmel/atmel toolchain/avr8 gcc/native/3.4.2.1002/avr8-gnu-toolchain/bin/../lib/gcc/avr/4.7.2/../../../../avr/lib/avr5\libm.a(ldexp.o)
                0x00003f78                ldexp
 .text.avr-libc.fplib
                0x00003fe0       0x8a c:/program files (x86)/atmel/atmel toolchain/avr8 gcc/native/3.4.2.1002/avr8-gnu-toolchain/bin/../lib/gcc/avr/4.7.2/../../../../avr/lib/avr5\libm.a(log.o)
                0x00003fea                log
 .text.avr-libc.fplib
                0x0000406a       0x66 c:/program files (x86)/atmel/atmel toolchain/avr8 gcc/native/3.4.2.1002/avr8-gnu-toolchain/bin/../lib/gcc/avr/4.7.2/../../../../avr/lib/avr5\libm.a(modf.o)
                0x0000406a                modf
                0x0000406a                modff
 .text.libgcc.div
                0x000040d0       0x28 c:/program files (x86)/atmel/atmel toolchain/avr8 gcc/native/3.4.2.1002/avr8-gnu-toolchain/bin/../lib/gcc/avr/4.7.2/avr5\libgcc.a(_divmodhi4.o)
                0x000040d0                _div
                0x000040d0                __divmodhi4
 .text.libgcc.div
                0x000040f8       0x28 c:/program files (x86)/atmel/atmel toolchain/avr8 gcc/native/3.4.2.1002/avr8-gnu-toolchain/bin/../lib/gcc/avr/4.7.2/avr5\libgcc.a(_udivmodhi4.o)
                0x000040f8                __udivmodhi4
 .text.libgcc   0x00004120        0xc c:/program files (x86)/atmel/atmel toolchain/avr8 gcc/native/3.4.2.1002/avr8-gnu-toolchain/bin/../lib/gcc/avr/4.7.2/avr5\libgcc.a(_tablejump.o)
                0x00004120                __tablejump2__
                0x00004124                __tablejump__
 .text.avr-libc
                0x0000412c       0x42 c:/program files (x86)/atmel/atmel toolchain/avr8 gcc/native/3.4.2.1002/avr8-gnu-toolchain/bin/../lib/gcc/avr/4.7.2/../../../../avr/lib/avr5\libc.a(itoa.o)
                0x0000412c                itoa
 .text.avr-libc
                0x0000416e       0x20 c:/program files (x86)/atmel/atmel toolchain/avr8 gcc/native/3.4.2.1002/avr8-gnu-toolchain/bin/../lib/gcc/avr/4.7.2/../../../../avr/lib/avr5\libc.a(strrev.o)
                0x0000416e                strrev
                0x0000418e                . = ALIGN (0x2)
 *(.fini9)
 .fini9         0x0000418e        0x0 c:/program files (x86)/atmel/atmel toolchain/avr8 gcc/native/3.4.2.1002/avr8-gnu-toolchain/bin/../lib/gcc/avr/4.7.2/avr5\libgcc.a(_exit.o)
                0x0000418e                _exit
                0x0000418e                exit
 *(.fini9)
 *(.fini8)
 *(.fini8)
 *(.fini7)
 *(.fini7)
 *(.fini6)
 *(.fini6)
 *(.fini5)
 *(.fini5)
 *(.fini4)
 *(.fini4)
 *(.fini3)
 *(.fini3)
 *(.fini2)
 *(.fini2)
 *(.fini1)
 *(.fini1)
 *(.fini0)
 .fini0         0x0000418e        0x4 c:/program files (x86)/atmel/atmel toolchain/avr8 gcc/native/3.4.2.1002/avr8-gnu-toolchain/bin/../lib/gcc/avr/4.7.2/avr5\libgcc.a(_exit.o)
 *(.fini0)
                0x00004192                _etext = .

.data           0x00800060       0xfc load address 0x00004192
                0x00800060                PROVIDE (__data_start, .)
 *(.data)
 .data          0x00800060        0x0 c:/program files (x86)/atmel/atmel toolchain/avr8 gcc/native/3.4.2.1002/avr8-gnu-toolchain/bin/../lib/gcc/avr/4.7.2/../../../../avr/lib/avr5/crtm32.o
 .data          0x00800060        0x0 GccApplication2.o
 .data          0x00800060        0x0 TWI.o
 .data          0x00800060        0x0 c:/program files (x86)/atmel/atmel toolchain/avr8 gcc/native/3.4.2.1002/avr8-gnu-toolchain/bin/../lib/gcc/avr/4.7.2/../../../../avr/lib/avr5\libm.a(addsf3.o)
 .data          0x00800060        0x0 c:/program files (x86)/atmel/atmel toolchain/avr8 gcc/native/3.4.2.1002/avr8-gnu-toolchain/bin/../lib/gcc/avr/4.7.2/../../../../avr/lib/avr5\libm.a(addsf3x.o)
 .data          0x00800060        0x0 c:/program files (x86)/atmel/atmel toolchain/avr8 gcc/native/3.4.2.1002/avr8-gnu-toolchain/bin/../lib/gcc/avr/4.7.2/../../../../avr/lib/avr5\libm.a(atan2.o)
 .data          0x00800060        0x0 c:/program files (x86)/atmel/atmel toolchain/avr8 gcc/native/3.4.2.1002/avr8-gnu-toolchain/bin/../lib/gcc/avr/4.7.2/../../../../avr/lib/avr5\libm.a(atan.o)
 .data          0x00800060        0x0 c:/program files (x86)/atmel/atmel toolchain/avr8 gcc/native/3.4.2.1002/avr8-gnu-toolchain/bin/../lib/gcc/avr/4.7.2/../../../../avr/lib/avr5\libm.a(cmpsf2.o)
 .data          0x00800060        0x0 c:/program files (x86)/atmel/atmel toolchain/avr8 gcc/native/3.4.2.1002/avr8-gnu-toolchain/bin/../lib/gcc/avr/4.7.2/../../../../avr/lib/avr5\libm.a(cos.o)
 .data          0x00800060        0x0 c:/program files (x86)/atmel/atmel toolchain/avr8 gcc/native/3.4.2.1002/avr8-gnu-toolchain/bin/../lib/gcc/avr/4.7.2/../../../../avr/lib/avr5\libm.a(divsf3.o)
 .data          0x00800060        0x0 c:/program files (x86)/atmel/atmel toolchain/avr8 gcc/native/3.4.2.1002/avr8-gnu-toolchain/bin/../lib/gcc/avr/4.7.2/../../../../avr/lib/avr5\libm.a(divsf3x.o)
 .data          0x00800060        0x0 c:/program files (x86)/atmel/atmel toolchain/avr8 gcc/native/3.4.2.1002/avr8-gnu-toolchain/bin/../lib/gcc/avr/4.7.2/../../../../avr/lib/avr5\libm.a(fixsfsi.o)
 .data          0x00800060        0x0 c:/program files (x86)/atmel/atmel toolchain/avr8 gcc/native/3.4.2.1002/avr8-gnu-toolchain/bin/../lib/gcc/avr/4.7.2/../../../../avr/lib/avr5\libm.a(fixunssfsi.o)
 .data          0x00800060        0x0 c:/program files (x86)/atmel/atmel toolchain/avr8 gcc/native/3.4.2.1002/avr8-gnu-toolchain/bin/../lib/gcc/avr/4.7.2/../../../../avr/lib/avr5\libm.a(floatsisf.o)
 .data          0x00800060        0x0 c:/program files (x86)/atmel/atmel toolchain/avr8 gcc/native/3.4.2.1002/avr8-gnu-toolchain/bin/../lib/gcc/avr/4.7.2/../../../../avr/lib/avr5\libm.a(fp_cmp.o)
 .data          0x00800060        0x0 c:/program files (x86)/atmel/atmel toolchain/avr8 gcc/native/3.4.2.1002/avr8-gnu-toolchain/bin/../lib/gcc/avr/4.7.2/../../../../avr/lib/avr5\libm.a(fp_inf.o)
 .data          0x00800060        0x0 c:/program files (x86)/atmel/atmel toolchain/avr8 gcc/native/3.4.2.1002/avr8-gnu-toolchain/bin/../lib/gcc/avr/4.7.2/../../../../avr/lib/avr5\libm.a(fp_nan.o)
 .data          0x00800060        0x0 c:/program files (x86)/atmel/atmel toolchain/avr8 gcc/native/3.4.2.1002/avr8-gnu-toolchain/bin/../lib/gcc/avr/4.7.2/../../../../avr/lib/avr5\libm.a(fp_powser.o)
 .data          0x00800060        0x0 c:/program files (x86)/atmel/atmel toolchain/avr8 gcc/native/3.4.2.1002/avr8-gnu-toolchain/bin/../lib/gcc/avr/4.7.2/../../../../avr/lib/avr5\libm.a(fp_pscA.o)
 .data          0x00800060        0x0 c:/program files (x86)/atmel/atmel toolchain/avr8 gcc/native/3.4.2.1002/avr8-gnu-toolchain/bin/../lib/gcc/avr/4.7.2/../../../../avr/lib/avr5\libm.a(fp_pscB.o)
 .data          0x00800060        0x0 c:/program files (x86)/atmel/atmel toolchain/avr8 gcc/native/3.4.2.1002/avr8-gnu-toolchain/bin/../lib/gcc/avr/4.7.2/../../../../avr/lib/avr5\libm.a(fp_rempio2.o)
 .data          0x00800060        0x0 c:/program files (x86)/atmel/atmel toolchain/avr8 gcc/native/3.4.2.1002/avr8-gnu-toolchain/bin/../lib/gcc/avr/4.7.2/../../../../avr/lib/avr5\libm.a(fp_round.o)
 .data          0x00800060        0x0 c:/program files (x86)/atmel/atmel toolchain/avr8 gcc/native/3.4.2.1002/avr8-gnu-toolchain/bin/../lib/gcc/avr/4.7.2/../../../../avr/lib/avr5\libm.a(fp_sinus.o)
 .data          0x00800060        0x0 c:/program files (x86)/atmel/atmel toolchain/avr8 gcc/native/3.4.2.1002/avr8-gnu-toolchain/bin/../lib/gcc/avr/4.7.2/../../../../avr/lib/avr5\libm.a(fp_split3.o)
 .data          0x00800060        0x0 c:/program files (x86)/atmel/atmel toolchain/avr8 gcc/native/3.4.2.1002/avr8-gnu-toolchain/bin/../lib/gcc/avr/4.7.2/../../../../avr/lib/avr5\libm.a(fp_zero.o)
 .data          0x00800060        0x0 c:/program files (x86)/atmel/atmel toolchain/avr8 gcc/native/3.4.2.1002/avr8-gnu-toolchain/bin/../lib/gcc/avr/4.7.2/../../../../avr/lib/avr5\libm.a(gesf2.o)
 .data          0x00800060        0x0 c:/program files (x86)/atmel/atmel toolchain/avr8 gcc/native/3.4.2.1002/avr8-gnu-toolchain/bin/../lib/gcc/avr/4.7.2/../../../../avr/lib/avr5\libm.a(inverse.o)
 .data          0x00800060        0x0 c:/program files (x86)/atmel/atmel toolchain/avr8 gcc/native/3.4.2.1002/avr8-gnu-toolchain/bin/../lib/gcc/avr/4.7.2/../../../../avr/lib/avr5\libm.a(mulsf3.o)
 .data          0x00800060        0x0 c:/program files (x86)/atmel/atmel toolchain/avr8 gcc/native/3.4.2.1002/avr8-gnu-toolchain/bin/../lib/gcc/avr/4.7.2/../../../../avr/lib/avr5\libm.a(mulsf3x.o)
 .data          0x00800060        0x0 c:/program files (x86)/atmel/atmel toolchain/avr8 gcc/native/3.4.2.1002/avr8-gnu-toolchain/bin/../lib/gcc/avr/4.7.2/../../../../avr/lib/avr5\libm.a(pow.o)
 .data          0x00800060        0x0 c:/program files (x86)/atmel/atmel toolchain/avr8 gcc/native/3.4.2.1002/avr8-gnu-toolchain/bin/../lib/gcc/avr/4.7.2/../../../../avr/lib/avr5\libm.a(sin.o)
 .data          0x00800060        0x0 c:/program files (x86)/atmel/atmel toolchain/avr8 gcc/native/3.4.2.1002/avr8-gnu-toolchain/bin/../lib/gcc/avr/4.7.2/../../../../avr/lib/avr5\libm.a(sqrt.o)
 .data          0x00800060        0x0 c:/program files (x86)/atmel/atmel toolchain/avr8 gcc/native/3.4.2.1002/avr8-gnu-toolchain/bin/../lib/gcc/avr/4.7.2/../../../../avr/lib/avr5\libm.a(square.o)
 .data          0x00800060        0x0 c:/program files (x86)/atmel/atmel toolchain/avr8 gcc/native/3.4.2.1002/avr8-gnu-toolchain/bin/../lib/gcc/avr/4.7.2/../../../../avr/lib/avr5\libm.a(exp.o)
 .data          0x00800060        0x0 c:/program files (x86)/atmel/atmel toolchain/avr8 gcc/native/3.4.2.1002/avr8-gnu-toolchain/bin/../lib/gcc/avr/4.7.2/../../../../avr/lib/avr5\libm.a(fp_mpack.o)
 .data          0x00800060        0x0 c:/program files (x86)/atmel/atmel toolchain/avr8 gcc/native/3.4.2.1002/avr8-gnu-toolchain/bin/../lib/gcc/avr/4.7.2/../../../../avr/lib/avr5\libm.a(fp_norm2.o)
 .data          0x00800060        0x0 c:/program files (x86)/atmel/atmel toolchain/avr8 gcc/native/3.4.2.1002/avr8-gnu-toolchain/bin/../lib/gcc/avr/4.7.2/../../../../avr/lib/avr5\libm.a(fp_powsodd.o)
 .data          0x00800060        0x0 c:/program files (x86)/atmel/atmel toolchain/avr8 gcc/native/3.4.2.1002/avr8-gnu-toolchain/bin/../lib/gcc/avr/4.7.2/../../../../avr/lib/avr5\libm.a(ldexp.o)
 .data          0x00800060        0x0 c:/program files (x86)/atmel/atmel toolchain/avr8 gcc/native/3.4.2.1002/avr8-gnu-toolchain/bin/../lib/gcc/avr/4.7.2/../../../../avr/lib/avr5\libm.a(log.o)
 .data          0x00800060        0x0 c:/program files (x86)/atmel/atmel toolchain/avr8 gcc/native/3.4.2.1002/avr8-gnu-toolchain/bin/../lib/gcc/avr/4.7.2/../../../../avr/lib/avr5\libm.a(modf.o)
 .data          0x00800060        0x0 c:/program files (x86)/atmel/atmel toolchain/avr8 gcc/native/3.4.2.1002/avr8-gnu-toolchain/bin/../lib/gcc/avr/4.7.2/avr5\libgcc.a(_divmodhi4.o)
 .data          0x00800060        0x0 c:/program files (x86)/atmel/atmel toolchain/avr8 gcc/native/3.4.2.1002/avr8-gnu-toolchain/bin/../lib/gcc/avr/4.7.2/avr5\libgcc.a(_exit.o)
 .data          0x00800060        0x0 c:/program files (x86)/atmel/atmel toolchain/avr8 gcc/native/3.4.2.1002/avr8-gnu-toolchain/bin/../lib/gcc/avr/4.7.2/avr5\libgcc.a(_copy_data.o)
 .data          0x00800060        0x0 c:/program files (x86)/atmel/atmel toolchain/avr8 gcc/native/3.4.2.1002/avr8-gnu-toolchain/bin/../lib/gcc/avr/4.7.2/avr5\libgcc.a(_clear_bss.o)
 .data          0x00800060        0x0 c:/program files (x86)/atmel/atmel toolchain/avr8 gcc/native/3.4.2.1002/avr8-gnu-toolchain/bin/../lib/gcc/avr/4.7.2/avr5\libgcc.a(_ctors.o)
 .data          0x00800060        0x0 c:/program files (x86)/atmel/atmel toolchain/avr8 gcc/native/3.4.2.1002/avr8-gnu-toolchain/bin/../lib/gcc/avr/4.7.2/avr5\libgcc.a(_udivmodhi4.o)
 .data          0x00800060        0x0 c:/program files (x86)/atmel/atmel toolchain/avr8 gcc/native/3.4.2.1002/avr8-gnu-toolchain/bin/../lib/gcc/avr/4.7.2/avr5\libgcc.a(_tablejump.o)
 .data          0x00800060        0x0 c:/program files (x86)/atmel/atmel toolchain/avr8 gcc/native/3.4.2.1002/avr8-gnu-toolchain/bin/../lib/gcc/avr/4.7.2/../../../../avr/lib/avr5\libc.a(itoa.o)
 .data          0x00800060        0x0 c:/program files (x86)/atmel/atmel toolchain/avr8 gcc/native/3.4.2.1002/avr8-gnu-toolchain/bin/../lib/gcc/avr/4.7.2/../../../../avr/lib/avr5\libc.a(strrev.o)
 *(.data*)
 .data.ninety_y_abs_setpoint
                0x00800060        0x2 GccApplication2.o
                0x00800060                ninety_y_abs_setpoint
 .data.ninety_enable
                0x00800062        0x2 GccApplication2.o
                0x00800062                ninety_enable
 .data.first_junc
                0x00800064        0x2 GccApplication2.o
                0x00800064                first_junc
 .data.river_enable
                0x00800066        0x2 GccApplication2.o
                0x00800066                river_enable
 .data.first_ninety_counter
                0x00800068        0x2 GccApplication2.o
                0x00800068                first_ninety_counter
 .data.axis     0x0080006a        0x2 GccApplication2.o
                0x0080006a                axis
 .data.weight   0x0080006c       0x10 GccApplication2.o
                0x0080006c                weight
 .data.x        0x0080007c        0x4 GccApplication2.o
                0x0080007c                x
 .data.running  0x00800080        0x2 GccApplication2.o
                0x00800080                running
 .data.straight
                0x00800082        0x2 GccApplication2.o
                0x00800082                straight
 .data.color_flag
                0x00800084        0x2 GccApplication2.o
                0x00800084                color_flag
 .data.setPoint
                0x00800086        0x2 GccApplication2.o
                0x00800086                setPoint
 .data.Prop_power
                0x00800088        0x4 GccApplication2.o
                0x00800088                Prop_power
 .data.kv       0x0080008c        0x4 GccApplication2.o
                0x0080008c                kv
 .data.kd       0x00800090        0x4 GccApplication2.o
                0x00800090                kd
 .data.ki       0x00800094        0x4 GccApplication2.o
                0x00800094                ki
 .data.kp       0x00800098        0x4 GccApplication2.o
                0x00800098                kp
 .data.red_field
                0x0080009c        0x2 GccApplication2.o
                0x0080009c                red_field
 .data.y_offset
                0x0080009e        0x2 GccApplication2.o
                0x0080009e                y_offset
 .data.x_offset
                0x008000a0        0x2 GccApplication2.o
                0x008000a0                x_offset
 .data.Moving_Speed
                0x008000a2        0x1 GccApplication2.o
                0x008000a2                Moving_Speed
 .data.Goal_Pos
                0x008000a3        0x1 GccApplication2.o
                0x008000a3                Goal_Pos
 *(.rodata)
 *(.rodata*)
 .rodata.str1.1
                0x008000a4       0xb8 GccApplication2.o
                                 0xd0 (size before relaxing)
 *(.gnu.linkonce.d*)
                0x0080015c                . = ALIGN (0x2)
                0x0080015c                _edata = .
                0x0080015c                PROVIDE (__data_end, .)

.bss            0x0080015c      0x10b
                0x0080015c                PROVIDE (__bss_start, .)
 *(.bss)
 *(.bss*)
 .bss.downhill_flag
                0x0080015c        0x2 GccApplication2.o
                0x0080015c                downhill_flag
 .bss.track     0x0080015e        0x2 GccApplication2.o
                0x0080015e                track
 .bss.compass_calibrate_flag
                0x00800160        0x2 GccApplication2.o
                0x00800160                compass_calibrate_flag
 .bss.last_y_abs
                0x00800162        0x4 GccApplication2.o
                0x00800162                last_y_abs
 .bss.ninety_y_abs_derivative_error
                0x00800166        0x4 GccApplication2.o
                0x00800166                ninety_y_abs_derivative_error
 .bss.ninety_flag1
                0x0080016a        0x2 GccApplication2.o
                0x0080016a                ninety_flag1
 .bss.ninety_counter
                0x0080016c        0x2 GccApplication2.o
                0x0080016c                ninety_counter
 .bss.river_flag
                0x0080016e        0x2 GccApplication2.o
                0x0080016e                river_flag
 .bss.river_loop
                0x00800170        0x2 GccApplication2.o
                0x00800170                river_loop
 .bss.river_entry
                0x00800172        0x2 GccApplication2.o
                0x00800172                river_entry
 .bss.down_turn
                0x00800174        0x2 GccApplication2.o
                0x00800174                down_turn
 .bss.down_normal_pid
                0x00800176        0x2 GccApplication2.o
                0x00800176                down_normal_pid
 .bss.down_auto
                0x00800178        0x2 GccApplication2.o
                0x00800178                down_auto
 .bss.press     0x0080017a        0x2 GccApplication2.o
                0x0080017a                press
 .bss.river_compass_angle
                0x0080017c        0x2 GccApplication2.o
                0x0080017c                river_compass_angle
 .bss.compass_head_diff
                0x0080017e        0x2 GccApplication2.o
                0x0080017e                compass_head_diff
 .bss.b         0x00800180       0x10 GccApplication2.o
                0x00800180                b
 .bss.sumvalue  0x00800190        0x4 GccApplication2.o
                0x00800190                sumvalue
 .bss.sum       0x00800194        0x4 GccApplication2.o
                0x00800194                sum
 .bss.position  0x00800198        0x2 GccApplication2.o
                0x00800198                position
 .bss.linestate
                0x0080019a        0x1 GccApplication2.o
                0x0080019a                linestate
 .bss.x_abs     0x0080019b        0x4 GccApplication2.o
                0x0080019b                x_abs
 .bss.y_abs     0x0080019f        0x4 GccApplication2.o
                0x0080019f                y_abs
 .bss.y         0x008001a3        0x4 GccApplication2.o
                0x008001a3                y
 .bss.encoder_flag
                0x008001a7        0x2 GccApplication2.o
                0x008001a7                encoder_flag
 .bss.run1      0x008001a9        0x2 GccApplication2.o
                0x008001a9                run1
 .bss.lower_limit
                0x008001ab        0x2 GccApplication2.o
                0x008001ab                lower_limit
 .bss.upper_limit
                0x008001ad        0x2 GccApplication2.o
                0x008001ad                upper_limit
 .bss.lastoutput
                0x008001af        0x4 GccApplication2.o
                0x008001af                lastoutput
 .bss.last_output
                0x008001b3        0x4 GccApplication2.o
                0x008001b3                last_output
 .bss.output    0x008001b7        0x4 GccApplication2.o
                0x008001b7                output
 .bss.true_straight
                0x008001bb        0x2 GccApplication2.o
                0x008001bb                true_straight
 .bss.lastcolor
                0x008001bd        0x2 GccApplication2.o
                0x008001bd                lastcolor
 .bss.color     0x008001bf        0x2 GccApplication2.o
                0x008001bf                color
 .bss.pidout    0x008001c1        0x4 GccApplication2.o
                0x008001c1                pidout
 .bss.kvv       0x008001c5        0x2 GccApplication2.o
                0x008001c5                kvv
 .bss.kdd       0x008001c7        0x2 GccApplication2.o
                0x008001c7                kdd
 .bss.kii       0x008001c9        0x2 GccApplication2.o
                0x008001c9                kii
 .bss.kpp       0x008001cb        0x2 GccApplication2.o
                0x008001cb                kpp
 .bss.power     0x008001cd        0x2 GccApplication2.o
                0x008001cd                power
 .bss.dist_check
                0x008001cf        0x2 GccApplication2.o
                0x008001cf                dist_check
 .bss.ITerm     0x008001d1        0x2 GccApplication2.o
                0x008001d1                ITerm
 .bss.lasterror
                0x008001d3        0x2 GccApplication2.o
                0x008001d3                lasterror
 .bss.error     0x008001d5        0x2 GccApplication2.o
                0x008001d5                error
 .bss.pid       0x008001d7        0x4 GccApplication2.o
                0x008001d7                pid
 .bss.check4    0x008001db        0x2 GccApplication2.o
                0x008001db                check4
 .bss.check3    0x008001dd        0x2 GccApplication2.o
                0x008001dd                check3
 .bss.check2    0x008001df        0x2 GccApplication2.o
                0x008001df                check2
 .bss.check1    0x008001e1        0x2 GccApplication2.o
                0x008001e1                check1
 .bss.error2    0x008001e3        0x4 GccApplication2.o
                0x008001e3                error2
 .bss.error1    0x008001e7        0x4 GccApplication2.o
                0x008001e7                error1
 .bss.z_offset  0x008001eb        0x2 GccApplication2.o
                0x008001eb                z_offset
 .bss.z_min     0x008001ed        0x2 GccApplication2.o
                0x008001ed                z_min
 .bss.y_min     0x008001ef        0x2 GccApplication2.o
                0x008001ef                y_min
 .bss.x_min     0x008001f1        0x2 GccApplication2.o
                0x008001f1                x_min
 .bss.z_max     0x008001f3        0x2 GccApplication2.o
                0x008001f3                z_max
 .bss.y_max     0x008001f5        0x2 GccApplication2.o
                0x008001f5                y_max
 .bss.x_max     0x008001f7        0x2 GccApplication2.o
                0x008001f7                x_max
 .bss.headingDegrees2
                0x008001f9        0x4 GccApplication2.o
                0x008001f9                headingDegrees2
 .bss.headingDegrees1
                0x008001fd        0x4 GccApplication2.o
                0x008001fd                headingDegrees1
 .bss.compass_offset
                0x00800201        0x2 GccApplication2.o
                0x00800201                compass_offset
 .bss.heading_proxy
                0x00800203        0x2 GccApplication2.o
                0x00800203                heading_proxy
 .bss.headingDegrees
                0x00800205        0x2 GccApplication2.o
                0x00800205                headingDegrees
 .bss.raw_z     0x00800207        0x2 GccApplication2.o
                0x00800207                raw_z
 .bss.raw_y     0x00800209        0x2 GccApplication2.o
                0x00800209                raw_y
 .bss.raw_x     0x0080020b        0x2 GccApplication2.o
                0x0080020b                raw_x
 .bss.ending_flag
                0x0080020d        0x2 GccApplication2.o
                0x0080020d                ending_flag
 .bss.compass_flag
                0x0080020f        0x2 GccApplication2.o
                0x0080020f                compass_flag
 .bss.displayflag
                0x00800211        0x2 GccApplication2.o
                0x00800211                displayflag
 .bss.speed     0x00800213        0x2 GccApplication2.o
                0x00800213                speed
 .bss.diffdist  0x00800215        0x2 GccApplication2.o
                0x00800215                diffdist
 .bss.last_dist
                0x00800217        0x2 GccApplication2.o
                0x00800217                last_dist
 .bss.distance  0x00800219        0x2 GccApplication2.o
                0x00800219                distance
 .bss.last_counter
                0x0080021b        0x2 GccApplication2.o
                0x0080021b                last_counter
 .bss.counter   0x0080021d        0x2 GccApplication2.o
                0x0080021d                counter
 .bss.bl        0x0080021f        0x4 GccApplication2.o
                0x0080021f                bl
 .bss.g         0x00800223        0x4 GccApplication2.o
                0x00800223                g
 .bss.r         0x00800227        0x4 GccApplication2.o
                0x00800227                r
 .bss.last_col  0x0080022b        0x2 GccApplication2.o
                0x0080022b                last_col
 .bss.col       0x0080022d        0x2 GccApplication2.o
                0x0080022d                col
 .bss.gb        0x0080022f        0x4 GccApplication2.o
                0x0080022f                gb
 .bss.gr        0x00800233        0x4 GccApplication2.o
                0x00800233                gr
 .bss.br        0x00800237        0x4 GccApplication2.o
                0x00800237                br
 .bss.bg        0x0080023b        0x4 GccApplication2.o
                0x0080023b                bg
 .bss.rb        0x0080023f        0x4 GccApplication2.o
                0x0080023f                rb
 .bss.rg        0x00800243        0x4 GccApplication2.o
                0x00800243                rg
 .bss.blue      0x00800247        0x2 GccApplication2.o
                0x00800247                blue
 .bss.green     0x00800249        0x2 GccApplication2.o
                0x00800249                green
 .bss.red       0x0080024b        0x2 GccApplication2.o
                0x0080024b                red
 .bss.count2    0x0080024d        0x2 GccApplication2.o
                0x0080024d                count2
 .bss.parameter
                0x0080024f        0xa GccApplication2.o
                0x0080024f                parameter
 .bss.angle_data
                0x00800259        0x2 GccApplication2.o
                0x00800259                angle_data
 .bss.angle     0x0080025b        0x2 GccApplication2.o
                0x0080025b                angle
 .bss.data      0x0080025d        0xa GccApplication2.o
                0x0080025d                data
 *(COMMON)
                0x00800267                PROVIDE (__bss_end, .)
                0x00004192                __data_load_start = LOADADDR (.data)
                0x0000428e                __data_load_end = (__data_load_start + SIZEOF (.data))

.noinit         0x00800267        0x0
                0x00800267                PROVIDE (__noinit_start, .)
 *(.noinit*)
                0x00800267                PROVIDE (__noinit_end, .)
                0x00800267                _end = .
                0x00800267                PROVIDE (__heap_start, .)

.eeprom         0x00810000        0x0
 *(.eeprom*)
                0x00810000                __eeprom_end = .

.fuse
 *(.fuse)
 *(.lfuse)
 *(.hfuse)
 *(.efuse)

.lock
 *(.lock*)

.signature
 *(.signature*)

.user_signatures
 *(.user_signatures*)

.stab           0x00000000     0x4758
 *(.stab)
 .stab          0x00000000      0x6cc c:/program files (x86)/atmel/atmel toolchain/avr8 gcc/native/3.4.2.1002/avr8-gnu-toolchain/bin/../lib/gcc/avr/4.7.2/../../../../avr/lib/avr5/crtm32.o
 .stab          0x000006cc       0x78 c:/program files (x86)/atmel/atmel toolchain/avr8 gcc/native/3.4.2.1002/avr8-gnu-toolchain/bin/../lib/gcc/avr/4.7.2/../../../../avr/lib/avr5\libm.a(addsf3.o)
                                 0x84 (size before relaxing)
 .stab          0x00000744      0x4bc c:/program files (x86)/atmel/atmel toolchain/avr8 gcc/native/3.4.2.1002/avr8-gnu-toolchain/bin/../lib/gcc/avr/4.7.2/../../../../avr/lib/avr5\libm.a(addsf3x.o)
                                0x4c8 (size before relaxing)
 .stab          0x00000c00      0x2f4 c:/program files (x86)/atmel/atmel toolchain/avr8 gcc/native/3.4.2.1002/avr8-gnu-toolchain/bin/../lib/gcc/avr/4.7.2/../../../../avr/lib/avr5\libm.a(atan2.o)
                                0x300 (size before relaxing)
 .stab          0x00000ef4      0x210 c:/program files (x86)/atmel/atmel toolchain/avr8 gcc/native/3.4.2.1002/avr8-gnu-toolchain/bin/../lib/gcc/avr/4.7.2/../../../../avr/lib/avr5\libm.a(atan.o)
                                0x21c (size before relaxing)
 .stab          0x00001104       0x90 c:/program files (x86)/atmel/atmel toolchain/avr8 gcc/native/3.4.2.1002/avr8-gnu-toolchain/bin/../lib/gcc/avr/4.7.2/../../../../avr/lib/avr5\libm.a(cmpsf2.o)
                                 0x9c (size before relaxing)
 .stab          0x00001194       0x54 c:/program files (x86)/atmel/atmel toolchain/avr8 gcc/native/3.4.2.1002/avr8-gnu-toolchain/bin/../lib/gcc/avr/4.7.2/../../../../avr/lib/avr5\libm.a(cos.o)
                                 0x60 (size before relaxing)
 .stab          0x000011e8       0x48 c:/program files (x86)/atmel/atmel toolchain/avr8 gcc/native/3.4.2.1002/avr8-gnu-toolchain/bin/../lib/gcc/avr/4.7.2/../../../../avr/lib/avr5\libm.a(divsf3.o)
                                 0x54 (size before relaxing)
 .stab          0x00001230      0x510 c:/program files (x86)/atmel/atmel toolchain/avr8 gcc/native/3.4.2.1002/avr8-gnu-toolchain/bin/../lib/gcc/avr/4.7.2/../../../../avr/lib/avr5\libm.a(divsf3x.o)
                                0x51c (size before relaxing)
 .stab          0x00001740       0x6c c:/program files (x86)/atmel/atmel toolchain/avr8 gcc/native/3.4.2.1002/avr8-gnu-toolchain/bin/../lib/gcc/avr/4.7.2/../../../../avr/lib/avr5\libm.a(fixsfsi.o)
                                 0x78 (size before relaxing)
 .stab          0x000017ac      0x240 c:/program files (x86)/atmel/atmel toolchain/avr8 gcc/native/3.4.2.1002/avr8-gnu-toolchain/bin/../lib/gcc/avr/4.7.2/../../../../avr/lib/avr5\libm.a(fixunssfsi.o)
                                0x24c (size before relaxing)
 .stab          0x000019ec      0x318 c:/program files (x86)/atmel/atmel toolchain/avr8 gcc/native/3.4.2.1002/avr8-gnu-toolchain/bin/../lib/gcc/avr/4.7.2/../../../../avr/lib/avr5\libm.a(floatsisf.o)
                                0x324 (size before relaxing)
 .stab          0x00001d04      0x1e0 c:/program files (x86)/atmel/atmel toolchain/avr8 gcc/native/3.4.2.1002/avr8-gnu-toolchain/bin/../lib/gcc/avr/4.7.2/../../../../avr/lib/avr5\libm.a(fp_cmp.o)
                                0x1ec (size before relaxing)
 .stab          0x00001ee4       0x78 c:/program files (x86)/atmel/atmel toolchain/avr8 gcc/native/3.4.2.1002/avr8-gnu-toolchain/bin/../lib/gcc/avr/4.7.2/../../../../avr/lib/avr5\libm.a(fp_inf.o)
                                 0x84 (size before relaxing)
 .stab          0x00001f5c       0x54 c:/program files (x86)/atmel/atmel toolchain/avr8 gcc/native/3.4.2.1002/avr8-gnu-toolchain/bin/../lib/gcc/avr/4.7.2/../../../../avr/lib/avr5\libm.a(fp_nan.o)
                                 0x60 (size before relaxing)
 .stab          0x00001fb0      0x1ec c:/program files (x86)/atmel/atmel toolchain/avr8 gcc/native/3.4.2.1002/avr8-gnu-toolchain/bin/../lib/gcc/avr/4.7.2/../../../../avr/lib/avr5\libm.a(fp_powser.o)
                                0x1f8 (size before relaxing)
 .stab          0x0000219c       0x84 c:/program files (x86)/atmel/atmel toolchain/avr8 gcc/native/3.4.2.1002/avr8-gnu-toolchain/bin/../lib/gcc/avr/4.7.2/../../../../avr/lib/avr5\libm.a(fp_pscA.o)
                                 0x90 (size before relaxing)
 .stab          0x00002220       0x84 c:/program files (x86)/atmel/atmel toolchain/avr8 gcc/native/3.4.2.1002/avr8-gnu-toolchain/bin/../lib/gcc/avr/4.7.2/../../../../avr/lib/avr5\libm.a(fp_pscB.o)
                                 0x90 (size before relaxing)
 .stab          0x000022a4      0x21c c:/program files (x86)/atmel/atmel toolchain/avr8 gcc/native/3.4.2.1002/avr8-gnu-toolchain/bin/../lib/gcc/avr/4.7.2/../../../../avr/lib/avr5\libm.a(fp_rempio2.o)
                                0x228 (size before relaxing)
 .stab          0x000024c0       0xfc c:/program files (x86)/atmel/atmel toolchain/avr8 gcc/native/3.4.2.1002/avr8-gnu-toolchain/bin/../lib/gcc/avr/4.7.2/../../../../avr/lib/avr5\libm.a(fp_round.o)
                                0x108 (size before relaxing)
 .stab          0x000025bc       0xfc c:/program files (x86)/atmel/atmel toolchain/avr8 gcc/native/3.4.2.1002/avr8-gnu-toolchain/bin/../lib/gcc/avr/4.7.2/../../../../avr/lib/avr5\libm.a(fp_sinus.o)
                                0x108 (size before relaxing)
 .stab          0x000026b8      0x1d4 c:/program files (x86)/atmel/atmel toolchain/avr8 gcc/native/3.4.2.1002/avr8-gnu-toolchain/bin/../lib/gcc/avr/4.7.2/../../../../avr/lib/avr5\libm.a(fp_split3.o)
                                0x1e0 (size before relaxing)
 .stab          0x0000288c       0x90 c:/program files (x86)/atmel/atmel toolchain/avr8 gcc/native/3.4.2.1002/avr8-gnu-toolchain/bin/../lib/gcc/avr/4.7.2/../../../../avr/lib/avr5\libm.a(fp_zero.o)
                                 0x9c (size before relaxing)
 .stab          0x0000291c       0x6c c:/program files (x86)/atmel/atmel toolchain/avr8 gcc/native/3.4.2.1002/avr8-gnu-toolchain/bin/../lib/gcc/avr/4.7.2/../../../../avr/lib/avr5\libm.a(gesf2.o)
                                 0x78 (size before relaxing)
 .stab          0x00002988       0x84 c:/program files (x86)/atmel/atmel toolchain/avr8 gcc/native/3.4.2.1002/avr8-gnu-toolchain/bin/../lib/gcc/avr/4.7.2/../../../../avr/lib/avr5\libm.a(inverse.o)
                                 0x90 (size before relaxing)
 .stab          0x00002a0c       0x48 c:/program files (x86)/atmel/atmel toolchain/avr8 gcc/native/3.4.2.1002/avr8-gnu-toolchain/bin/../lib/gcc/avr/4.7.2/../../../../avr/lib/avr5\libm.a(mulsf3.o)
                                 0x54 (size before relaxing)
 .stab          0x00002a54      0x4d4 c:/program files (x86)/atmel/atmel toolchain/avr8 gcc/native/3.4.2.1002/avr8-gnu-toolchain/bin/../lib/gcc/avr/4.7.2/../../../../avr/lib/avr5\libm.a(mulsf3x.o)
                                0x4e0 (size before relaxing)
 .stab          0x00002f28      0x3c0 c:/program files (x86)/atmel/atmel toolchain/avr8 gcc/native/3.4.2.1002/avr8-gnu-toolchain/bin/../lib/gcc/avr/4.7.2/../../../../avr/lib/avr5\libm.a(pow.o)
                                0x3cc (size before relaxing)
 .stab          0x000032e8       0x78 c:/program files (x86)/atmel/atmel toolchain/avr8 gcc/native/3.4.2.1002/avr8-gnu-toolchain/bin/../lib/gcc/avr/4.7.2/../../../../avr/lib/avr5\libm.a(sin.o)
                                 0x84 (size before relaxing)
 .stab          0x00003360      0x354 c:/program files (x86)/atmel/atmel toolchain/avr8 gcc/native/3.4.2.1002/avr8-gnu-toolchain/bin/../lib/gcc/avr/4.7.2/../../../../avr/lib/avr5\libm.a(sqrt.o)
                                0x360 (size before relaxing)
 .stab          0x000036b4       0x54 c:/program files (x86)/atmel/atmel toolchain/avr8 gcc/native/3.4.2.1002/avr8-gnu-toolchain/bin/../lib/gcc/avr/4.7.2/../../../../avr/lib/avr5\libm.a(square.o)
                                 0x60 (size before relaxing)
 .stab          0x00003708      0x288 c:/program files (x86)/atmel/atmel toolchain/avr8 gcc/native/3.4.2.1002/avr8-gnu-toolchain/bin/../lib/gcc/avr/4.7.2/../../../../avr/lib/avr5\libm.a(exp.o)
                                0x294 (size before relaxing)
 .stab          0x00003990       0xe4 c:/program files (x86)/atmel/atmel toolchain/avr8 gcc/native/3.4.2.1002/avr8-gnu-toolchain/bin/../lib/gcc/avr/4.7.2/../../../../avr/lib/avr5\libm.a(fp_mpack.o)
                                 0xf0 (size before relaxing)
 .stab          0x00003a74       0x84 c:/program files (x86)/atmel/atmel toolchain/avr8 gcc/native/3.4.2.1002/avr8-gnu-toolchain/bin/../lib/gcc/avr/4.7.2/../../../../avr/lib/avr5\libm.a(fp_norm2.o)
                                 0x90 (size before relaxing)
 .stab          0x00003af8       0xfc c:/program files (x86)/atmel/atmel toolchain/avr8 gcc/native/3.4.2.1002/avr8-gnu-toolchain/bin/../lib/gcc/avr/4.7.2/../../../../avr/lib/avr5\libm.a(fp_powsodd.o)
                                0x108 (size before relaxing)
 .stab          0x00003bf4      0x2c4 c:/program files (x86)/atmel/atmel toolchain/avr8 gcc/native/3.4.2.1002/avr8-gnu-toolchain/bin/../lib/gcc/avr/4.7.2/../../../../avr/lib/avr5\libm.a(ldexp.o)
                                0x2d0 (size before relaxing)
 .stab          0x00003eb8      0x378 c:/program files (x86)/atmel/atmel toolchain/avr8 gcc/native/3.4.2.1002/avr8-gnu-toolchain/bin/../lib/gcc/avr/4.7.2/../../../../avr/lib/avr5\libm.a(log.o)
                                0x384 (size before relaxing)
 .stab          0x00004230      0x2a0 c:/program files (x86)/atmel/atmel toolchain/avr8 gcc/native/3.4.2.1002/avr8-gnu-toolchain/bin/../lib/gcc/avr/4.7.2/../../../../avr/lib/avr5\libm.a(modf.o)
                                0x2ac (size before relaxing)
 .stab          0x000044d0      0x1b0 c:/program files (x86)/atmel/atmel toolchain/avr8 gcc/native/3.4.2.1002/avr8-gnu-toolchain/bin/../lib/gcc/avr/4.7.2/../../../../avr/lib/avr5\libc.a(itoa.o)
                                0x1bc (size before relaxing)
 .stab          0x00004680       0xd8 c:/program files (x86)/atmel/atmel toolchain/avr8 gcc/native/3.4.2.1002/avr8-gnu-toolchain/bin/../lib/gcc/avr/4.7.2/../../../../avr/lib/avr5\libc.a(strrev.o)
                                 0xe4 (size before relaxing)

.stabstr        0x00000000     0x122f
 *(.stabstr)
 .stabstr       0x00000000     0x122f c:/program files (x86)/atmel/atmel toolchain/avr8 gcc/native/3.4.2.1002/avr8-gnu-toolchain/bin/../lib/gcc/avr/4.7.2/../../../../avr/lib/avr5/crtm32.o

.stab.excl
 *(.stab.excl)

.stab.exclstr
 *(.stab.exclstr)

.stab.index
 *(.stab.index)

.stab.indexstr
 *(.stab.indexstr)

.comment        0x00000000       0x2f
 *(.comment)
 .comment       0x00000000       0x2f GccApplication2.o
                                 0x30 (size before relaxing)
 .comment       0x00000000       0x30 TWI.o

.debug
 *(.debug)

.line
 *(.line)

.debug_srcinfo
 *(.debug_srcinfo)

.debug_sfnames
 *(.debug_sfnames)

.debug_aranges  0x00000000      0x278
 *(.debug_aranges)
 .debug_aranges
                0x00000000      0x228 GccApplication2.o
 .debug_aranges
                0x00000228       0x50 TWI.o

.debug_pubnames
 *(.debug_pubnames)

.debug_info     0x00000000     0x2a2d
 *(.debug_info)
 .debug_info    0x00000000     0x287e GccApplication2.o
 .debug_info    0x0000287e      0x1af TWI.o
 *(.gnu.linkonce.wi.*)

.debug_abbrev   0x00000000      0x5e1
 *(.debug_abbrev)
 .debug_abbrev  0x00000000      0x519 GccApplication2.o
 .debug_abbrev  0x00000519       0xc8 TWI.o

.debug_line     0x00000000      0xfdb
 *(.debug_line)
 .debug_line    0x00000000      0xe60 GccApplication2.o
 .debug_line    0x00000e60      0x17b TWI.o

.debug_frame    0x00000000      0xa48
 *(.debug_frame)
 .debug_frame   0x00000000      0x9c4 GccApplication2.o
 .debug_frame   0x000009c4       0x84 TWI.o

.debug_str      0x00000000      0xfc4
 *(.debug_str)
 .debug_str     0x00000000      0xf5e GccApplication2.o
                               0x1035 (size before relaxing)
 .debug_str     0x00000f5e       0x66 TWI.o
                                0x19f (size before relaxing)

.debug_loc      0x00000000     0x2453
 *(.debug_loc)
 .debug_loc     0x00000000     0x238e GccApplication2.o
 .debug_loc     0x0000238e       0xc5 TWI.o

.debug_macinfo
 *(.debug_macinfo)

.debug_pubtypes
 *(.debug_pubtypes)

.debug_ranges   0x00000000      0x2a0
 *(.debug_ranges)
 .debug_ranges  0x00000000      0x260 GccApplication2.o
 .debug_ranges  0x00000260       0x40 TWI.o

.debug_macro
 *(.debug_macro)
OUTPUT(GccApplication2.elf elf32-avr)
LOAD linker stubs
